// Jest Snapshot v1, https://goo.gl/fbAQLP

exports[`basic-blocks.4gl 1`] = `
Object {
  Symbol(jest-snapshot-serializer-raw): "

====================================options=====================================
4glKeywordsCase: \\"upper\\"
endOfLine: \\"auto\\"
parsers: [\\"4gl\\"]
printWidth: 80
=====================================input======================================
=====================================output=====================================
================================================================================",
}
`;
