// Jest Snapshot v1, https://goo.gl/fbAQLP

exports[`hello1.4gl-ast 1`] = `
main 
  display "hello "
end main
~~~~~~~~~~~~~~~~~~~~~~~~~~~~~~~~~~~~~~~~~~~~~~~~~~~~~~~~~~~~~~~~~~~~~~~~~~~~~~~~
[{"value":[{"kind":"keyword","value":"main","offset":{"start":0,"end":4}},{"kind":"whitespace","value":" \\n  ","offset":{"start":4,"end":8}},[[null,[{"kind":"keyword","value":"display","offset":{"start":8,"end":15}},{"kind":"whitespace","value":" ","offset":{"start":15,"end":16}},[{"kind":"string","value":"\\"hello \\"","offset":{"start":16,"end":24},"info":{"type":"string"}}]],{"kind":"whitespace","value":"\\n","offset":{"start":24,"end":25}},null,null]],{"kind":"keyword","value":"end","offset":{"start":25,"end":28}},{"kind":"whitespace","value":" ","offset":{"start":28,"end":29}},{"kind":"keyword","value":"main","offset":{"start":29,"end":33}},{"kind":"whitespace","value":"\\n","offset":{"start":33,"end":34}}],"offset":{"start":0,"end":34}}]
`;

exports[`hello1.4gl-source 1`] = `
main 
  display "hello "
end main
~~~~~~~~~~~~~~~~~~~~~~~~~~~~~~~~~~~~~~~~~~~~~~~~~~~~~~~~~~~~~~~~~~~~~~~~~~~~~~~~
[{"value":[{"kind":"keyword","value":"main","offset":{"start":0,"end":4}},{"kind":"whitespace","value":" \\n  ","offset":{"start":4,"end":8}},[[null,[{"kind":"keyword","value":"display","offset":{"start":8,"end":15}},{"kind":"whitespace","value":" ","offset":{"start":15,"end":16}},[{"kind":"string","value":"\\"hello \\"","offset":{"start":16,"end":24},"info":{"type":"string"}}]],{"kind":"whitespace","value":"\\n","offset":{"start":24,"end":25}},null,null]],{"kind":"keyword","value":"end","offset":{"start":25,"end":28}},{"kind":"whitespace","value":" ","offset":{"start":28,"end":29}},{"kind":"keyword","value":"main","offset":{"start":29,"end":33}},{"kind":"whitespace","value":"\\n","offset":{"start":33,"end":34}}],"offset":{"start":0,"end":34}}]
`;

exports[`hello2.4gl-ast 1`] = `
main 

  define nome char(50) # abc
  prompt "digite seu nome : " for nome
  
  call fgl_winmessage( "hello",nome, "info")
  
end main
~~~~~~~~~~~~~~~~~~~~~~~~~~~~~~~~~~~~~~~~~~~~~~~~~~~~~~~~~~~~~~~~~~~~~~~~~~~~~~~~
# abc

`;

exports[`hello2.4gl-source 1`] = `
main 

  define nome char(50) # abc
  prompt "digite seu nome : " for nome
  
  call fgl_winmessage( "hello",nome, "info")
  
end main
~~~~~~~~~~~~~~~~~~~~~~~~~~~~~~~~~~~~~~~~~~~~~~~~~~~~~~~~~~~~~~~~~~~~~~~~~~~~~~~~
# abc

`;
