// Jest Snapshot v1, https://goo.gl/fbAQLP

exports[`commands.4gl 1`] = `
function f1(p1)
   
end function

~~~~~~~~~~~~~~~~~~~~~~~~~~~~~~~~~~~~~~~~~~~~~~~~~~~~~~~~~~~~~~~~~~~~~~~~~~~~~~~~
[[null,{"type":"function","value":"f1","offset":{"start":0,"end":34},"info":{"id":{"type":"identifier","value":"f1","offset":{"start":9,"end":11}},"arguments":[{"type":"identifier","value":{"type":"identifier","value":"p1","offset":{"start":12,"end":14}},"offset":{"start":12,"end":14}}],"block":["\\n   \\n"]}},null,null]]
`;
