// Jest Snapshot v1, https://goo.gl/fbAQLP

exports[`Source Uso de PRAGMA no_pragma.4gl 1`] = `
main 
  display "hello "
end main
~~~~~~~~~~~~~~~~~~~~~~~~~~~~~~~~~~~~~~~~~~~~~~~~~~~~~~~~~~~~~~~~~~~~~~~~~~~~~~~~
main 
  display "hello "
end main

`;

exports[`Source Uso de PRAGMA pragma.4gl 1`] = `
--@format
main 
  display "hello "
end main
~~~~~~~~~~~~~~~~~~~~~~~~~~~~~~~~~~~~~~~~~~~~~~~~~~~~~~~~~~~~~~~~~~~~~~~~~~~~~~~~
{
   "_type": "program",
   "_location": {
      "line": 1,
      "column": 1,
      "offset": 0
   },
   "_source": "",
   "_children": [
      {
         "_type": "comment",
         "_location": {
            "line": 1,
            "column": 1,
            "offset": 0
         },
         "_source": [
            {
               "_type": "operator",
               "_location": {
                  "line": 1,
                  "column": 1,
                  "offset": 0
               },
               "_source": "-",
               "_children": []
            },
            {
               "_type": "operator",
               "_location": {
                  "line": 1,
                  "column": 2,
                  "offset": 1
               },
               "_source": "-",
               "_children": []
            },
            null,
            "@format",
            {
               "_type": "newLine",
               "_location": {
                  "line": 1,
                  "column": 10,
                  "offset": 9
               },
               "_source": "\\\\n",
               "_children": []
            }
         ],
         "_children": []
      },
      [
         {
            "_type": "block",
            "_location": {
               "line": 2,
               "column": 1,
               "offset": 10
            },
            "_source": "",
            "_children": [
               {
                  "_type": "keyword",
                  "_location": {
                     "line": 2,
                     "column": 1,
                     "offset": 10
                  },
                  "_source": "main",
                  "_children": []
               },
               [
                  [
                     {
                        "_type": "whiteSpace",
                        "_location": {
                           "line": 2,
                           "column": 5,
                           "offset": 14
                        },
                        "_source": "\\\\b",
                        "_children": []
                     },
                     {
                        "_type": "newLine",
                        "_location": {
                           "line": 2,
                           "column": 6,
                           "offset": 15
                        },
                        "_source": "\\\\n",
                        "_children": []
                     },
                     {
                        "_type": "whiteSpace",
                        "_location": {
                           "line": 3,
                           "column": 1,
                           "offset": 16
                        },
                        "_source": "\\\\b\\\\b",
                        "_children": []
                     }
                  ],
                  {
                     "_type": "keyword",
                     "_location": {
                        "line": 3,
                        "column": 3,
                        "offset": 18
                     },
                     "_source": "display",
                     "_children": []
                  },
                  [
                     {
                        "_type": "whiteSpace",
                        "_location": {
                           "line": 3,
                           "column": 10,
                           "offset": 25
                        },
                        "_source": "\\\\b",
                        "_children": []
                     }
                  ],
                  {
                     "_type": "string",
                     "_location": {
                        "line": 3,
                        "column": 11,
                        "offset": 26
                     },
                     "_source": "\\"hello \\"",
                     "_children": []
                  },
                  [
                     {
                        "_type": "newLine",
                        "_location": {
                           "line": 3,
                           "column": 19,
                           "offset": 34
                        },
                        "_source": "\\\\n",
                        "_children": []
                     }
                  ]
               ],
               [
                  {
                     "_type": "keyword",
                     "_location": {
                        "line": 4,
                        "column": 1,
                        "offset": 35
                     },
                     "_source": "end",
                     "_children": []
                  },
                  [
                     {
                        "_type": "whiteSpace",
                        "_location": {
                           "line": 4,
                           "column": 4,
                           "offset": 38
                        },
                        "_source": "\\\\b",
                        "_children": []
                     }
                  ],
                  {
                     "_type": "keyword",
                     "_location": {
                        "line": 4,
                        "column": 5,
                        "offset": 39
                     },
                     "_source": "main",
                     "_children": []
                  },
                  null
               ]
            ]
         },
         [
            {
               "_type": "newLine",
               "_location": {
                  "line": 4,
                  "column": 9,
                  "offset": 43
               },
               "_source": "\\\\n\\\\n",
               "_children": []
            }
         ]
      ]
   ]
}
`;
