// Jest Snapshot v1, https://goo.gl/fbAQLP

exports[`comment.4gl 1`] = `
# linha 1
# linha 2
# linha 3


--linha A
--linha B

--linha A1

--linha B2
--linha B3

~~~~~~~~~~~~~~~~~~~~~~~~~~~~~~~~~~~~~~~~~~~~~~~~~~~~~~~~~~~~~~~~~~~~~~~~~~~~~~~~
[OBJECT OBJECT][OBJECT OBJECT]LINHA[OBJECT OBJECT]1[OBJECT OBJECT][OBJECT OBJECT]LINHA[OBJECT OBJECT]2[OBJECT OBJECT][OBJECT OBJECT]LINHA[OBJECT OBJECT]3[OBJECT OBJECT][OBJECT OBJECT]LINHA[OBJECT OBJECT]A[OBJECT OBJECT][OBJECT OBJECT]LINHA[OBJECT OBJECT]B[OBJECT OBJECT][OBJECT OBJECT]LINHA[OBJECT OBJECT]A1[OBJECT OBJECT][OBJECT OBJECT]LINHA[OBJECT OBJECT]B2[OBJECT OBJECT][OBJECT OBJECT]LINHA[OBJECT OBJECT]B3
`;

exports[`hello1.4gl 1`] = `
MAIN 1
  DISPLAY "HELLO "
end MAIN
~~~~~~~~~~~~~~~~~~~~~~~~~~~~~~~~~~~~~~~~~~~~~~~~~~~~~~~~~~~~~~~~~~~~~~~~~~~~~~~~
MAIN[OBJECT OBJECT]1DISPLAY[OBJECT OBJECT][OBJECT OBJECT]HELLO[OBJECT OBJECT][OBJECT OBJECT]END[OBJECT OBJECT]MAIN
`;

exports[`hello2.4gl 1`] = `
MAIN 2

  DEFINE NOME CHAR(50) # abc
  PROMPT "DIGITE SEU NOME : " FOR NOME
  
  CALL fgl_winmessage( "HELLO",NOME, "info")
  
end MAIN
~~~~~~~~~~~~~~~~~~~~~~~~~~~~~~~~~~~~~~~~~~~~~~~~~~~~~~~~~~~~~~~~~~~~~~~~~~~~~~~~
MAIN[OBJECT OBJECT]2DEFINE[OBJECT OBJECT]NOME[OBJECT OBJECT]CHAR[OBJECT OBJECT]50[OBJECT OBJECT][OBJECT OBJECT][OBJECT OBJECT][OBJECT OBJECT]ABCPROMPT[OBJECT OBJECT][OBJECT OBJECT]DIGITE[OBJECT OBJECT]SEU[OBJECT OBJECT]NOME[OBJECT OBJECT][OBJECT OBJECT][OBJECT OBJECT][OBJECT OBJECT][OBJECT OBJECT]FOR[OBJECT OBJECT]NOMECALL[OBJECT OBJECT]FGL[OBJECT OBJECT]WINMESSAGE[OBJECT OBJECT][OBJECT OBJECT][OBJECT OBJECT]HELLO[OBJECT OBJECT][OBJECT OBJECT]NOME[OBJECT OBJECT][OBJECT OBJECT][OBJECT OBJECT]INFO[OBJECT OBJECT][OBJECT OBJECT]END[OBJECT OBJECT]MAIN
`;
