// Jest Snapshot v1, https://goo.gl/fbAQLP

exports[`Source array.4gl 1`] = `
main
    define lista array [5] of integer
end main


function f1() 
	define var1 array[1] of integer  
	define var1 array[1,2] of char(30)  

end function
~~~~~~~~~~~~~~~~~~~~~~~~~~~~~~~~~~~~~~~~~~~~~~~~~~~~~~~~~~~~~~~~~~~~~~~~~~~~~~~~
MAIN
    DEFINE lista ARRAY [5] of integer
 MAIN
FUNCTION f1()
	DEFINE var1 array[1] of integer
	DEFINE var1 array[1,2] of char(30)
 FUNCTION

`;
